Microsoft (R) Macro Assembler Version 14.35.32216.1	    05/06/24 21:07:52
DecToHexToDec.asm					     Page 1 - 1


				; Turn a denary number into a hexadecimal number that looks like a denary number

				.386
				.model flat,stdcall
				.stack 4096
				ExitProcess proto,dwExitCode:dword

 00000000			.code
 00000000			main proc
 00000000  B8 00000165			mov eax,357
 00000005  8B D0			mov edx,eax
 00000007  B9 00000063			mov ecx,99
 0000000C  3B C8			cmp ecx,eax
 0000000E  B9 00000064			mov ecx,100
 00000013  33 C0			xor eax,eax
 00000015  3B D1			cmp edx,ecx
 00000017  72 0C			jc twodigit
 00000019  83 EA 64			loop1: sub edx,100
 0000001C  05 00000100			add eax, 256
 00000021  3B D1			cmp edx,ecx
 00000023  73 F4			jnc loop1
 00000025				twodigit:
 00000025  B9 0000000A			mov ecx,10
 0000002A  3B D1			cmp edx,ecx
 0000002C  72 0E			jc onedigit
 0000002E  83 C0 10			loop2: add eax,16
 00000031  BB 0000000A			mov ebx,10
 00000036  2B D3			sub edx,ebx
 00000038  3B D1			cmp edx,ecx
 0000003A  73 F2			jnc loop2
 0000003C				onedigit:
 0000003C  03 C2			add eax,edx

					invoke ExitProcess,0
 0000003E  6A 00	   *	    push   +000000000h
 00000040  E8 00000000 E   *	    call   ExitProcess
 00000045			main endp
				end main
Microsoft (R) Macro Assembler Version 14.35.32216.1	    05/06/24 21:07:52
DecToHexToDec.asm					     Symbols 2 - 1




Segments and Groups:

                N a m e                 Size     Length   Align   Combine Class

FLAT . . . . . . . . . . . . . .	GROUP
STACK  . . . . . . . . . . . . .	32 Bit	 00001000 DWord	  Stack	  'STACK'	 
_DATA  . . . . . . . . . . . . .	32 Bit	 00000000 DWord	  Public  'DATA'	
_TEXT  . . . . . . . . . . . . .	32 Bit	 00000045 DWord	  Public  'CODE'	


Procedures, parameters, and locals:

                N a m e                 Type     Value    Attr

ExitProcess  . . . . . . . . . .	P Near	 00000000 FLAT	Length= 00000000 External STDCALL
main . . . . . . . . . . . . . .	P Near	 00000000 _TEXT	Length= 00000045 Public STDCALL
  loop1  . . . . . . . . . . . .	L Near	 00000019 _TEXT	
  twodigit . . . . . . . . . . .	L Near	 00000025 _TEXT	
  loop2  . . . . . . . . . . . .	L Near	 0000002E _TEXT	
  onedigit . . . . . . . . . . .	L Near	 0000003C _TEXT	


Symbols:

                N a m e                 Type     Value    Attr

@CodeSize  . . . . . . . . . . .	Number	 00000000h   
@DataSize  . . . . . . . . . . .	Number	 00000000h   
@Interface . . . . . . . . . . .	Number	 00000003h   
@Model . . . . . . . . . . . . .	Number	 00000007h   
@code  . . . . . . . . . . . . .	Text   	 _TEXT
@data  . . . . . . . . . . . . .	Text   	 FLAT
@fardata?  . . . . . . . . . . .	Text   	 FLAT
@fardata . . . . . . . . . . . .	Text   	 FLAT
@stack . . . . . . . . . . . . .	Text   	 FLAT

	   0 Warnings
	   0 Errors
